OpenJDK 64-Bit Server VM (25.252-b09) for linux-amd64 JRE (1.8.0_252-b09), built on Apr 15 2020 12:10:31 by "jenkins" with gcc 4.8.2 20140120 (Red Hat 4.8.2-15)
Memory: 4k page, physical 8086144k(3065564k free), swap 0k(0k free)
CommandLine flags: -XX:CompressedClassSpaceSize=260046848 -XX:G1ReservePercent=20 -XX:+HeapDumpOnOutOfMemoryError -XX:InitialHeapSize=1073741824 -XX:MaxGCPauseMillis=100 -XX:MaxHeapSize=1073741824 -XX:MaxMetaspaceSize=268435456 -XX:+PrintAdaptiveSizePolicy -XX:+PrintGC -XX:+PrintGCApplicationConcurrentTime -XX:+PrintGCApplicationStoppedTime -XX:+PrintGCCause -XX:+PrintGCDateStamps -XX:+PrintGCDetails -XX:+PrintGCTimeStamps -XX:+PrintHeapAtGC -XX:+PrintTenuringDistribution -XX:+UnlockExperimentalVMOptions -XX:+UseCGroupMemoryLimitForHeap -XX:+UseCompressedClassPointers -XX:+UseCompressedOops -XX:+UseG1GC 
 0.004: [G1Ergonomics (Heap Sizing) expand the heap, requested expansion amount: 1073741824 bytes, attempted expansion amount: 1073741824 bytes]
2021-09-01T20:39:36.452+0000: 0.293: Application time: 0.2378120 seconds
2021-09-01T20:39:36.452+0000: 0.293: Total time for which application threads were stopped: 0.0001445 seconds, Stopping threads took: 0.0000380 seconds
2021-09-01T20:39:36.465+0000: 0.306: Application time: 0.0128799 seconds
2021-09-01T20:39:36.465+0000: 0.306: Total time for which application threads were stopped: 0.0001104 seconds, Stopping threads took: 0.0000325 seconds
2021-09-01T20:39:36.568+0000: 0.408: Application time: 0.1021220 seconds
2021-09-01T20:39:36.568+0000: 0.408: Total time for which application threads were stopped: 0.0001535 seconds, Stopping threads took: 0.0000365 seconds
2021-09-01T20:39:36.802+0000: 0.642: Application time: 0.2342817 seconds
2021-09-01T20:39:36.802+0000: 0.643: Total time for which application threads were stopped: 0.0002017 seconds, Stopping threads took: 0.0000564 seconds
2021-09-01T20:39:36.874+0000: 0.714: Application time: 0.0714972 seconds
2021-09-01T20:39:36.874+0000: 0.715: Total time for which application threads were stopped: 0.0003057 seconds, Stopping threads took: 0.0001585 seconds
2021-09-01T20:39:36.926+0000: 0.767: Application time: 0.0522596 seconds
{Heap before GC invocations=0 (full 0):
 garbage-first heap   total 1048576K, used 52224K [0x00000000c0000000, 0x00000000c0102000, 0x0000000100000000)
  region size 1024K, 51 young (52224K), 0 survivors (0K)
 Metaspace       used 9881K, capacity 10192K, committed 10240K, reserved 1058816K
  class space    used 1170K, capacity 1260K, committed 1280K, reserved 1048576K
2021-09-01T20:39:36.926+0000: 0.767: [GC pause (G1 Evacuation Pause) (young)
Desired survivor size 3670016 bytes, new threshold 15 (max 15)
 0.767: [G1Ergonomics (CSet Construction) start choosing CSet, _pending_cards: 0, predicted base time: 10.00 ms, remaining time: 90.00 ms, target pause time: 100.00 ms]
 0.767: [G1Ergonomics (CSet Construction) add young regions to CSet, eden: 51 regions, survivors: 0 regions, predicted young region time: 2587.31 ms]
 0.767: [G1Ergonomics (CSet Construction) finish choosing CSet, eden: 51 regions, survivors: 0 regions, old: 0 regions, predicted pause time: 2597.31 ms, target pause time: 100.00 ms]
, 0.0076299 secs]
   [Parallel Time: 5.3 ms, GC Workers: 2]
      [GC Worker Start (ms): Min: 767.0, Avg: 767.0, Max: 767.0, Diff: 0.0]
      [Ext Root Scanning (ms): Min: 1.3, Avg: 1.5, Max: 1.6, Diff: 0.3, Sum: 3.0]
      [Update RS (ms): Min: 0.0, Avg: 0.0, Max: 0.0, Diff: 0.0, Sum: 0.0]
         [Processed Buffers: Min: 0, Avg: 0.0, Max: 0, Diff: 0, Sum: 0]
      [Scan RS (ms): Min: 0.0, Avg: 0.0, Max: 0.0, Diff: 0.0, Sum: 0.0]
      [Code Root Scanning (ms): Min: 0.2, Avg: 0.3, Max: 0.4, Diff: 0.2, Sum: 0.5]
      [Object Copy (ms): Min: 3.4, Avg: 3.5, Max: 3.5, Diff: 0.1, Sum: 7.0]
      [Termination (ms): Min: 0.0, Avg: 0.0, Max: 0.0, Diff: 0.0, Sum: 0.0]
         [Termination Attempts: Min: 1, Avg: 1.0, Max: 1, Diff: 0, Sum: 2]
      [GC Worker Other (ms): Min: 0.0, Avg: 0.0, Max: 0.0, Diff: 0.0, Sum: 0.0]
      [GC Worker Total (ms): Min: 5.3, Avg: 5.3, Max: 5.3, Diff: 0.0, Sum: 10.5]
      [GC Worker End (ms): Min: 772.2, Avg: 772.2, Max: 772.2, Diff: 0.0]
   [Code Root Fixup: 0.0 ms]
   [Code Root Purge: 0.0 ms]
   [Clear CT: 0.1 ms]
   [Other: 2.2 ms]
      [Choose CSet: 0.0 ms]
      [Ref Proc: 1.7 ms]
      [Ref Enq: 0.0 ms]
      [Redirty Cards: 0.2 ms]
      [Humongous Register: 0.0 ms]
      [Humongous Reclaim: 0.0 ms]
      [Free CSet: 0.0 ms]
   [Eden: 52224.0K(52224.0K)->0.0B(46080.0K) Survivors: 0.0B->6144.0K Heap: 52224.0K(1024.0M)->5580.1K(1024.0M)]
Heap after GC invocations=1 (full 0):
 garbage-first heap   total 1048576K, used 5580K [0x00000000c0000000, 0x00000000c0102000, 0x0000000100000000)
  region size 1024K, 6 young (6144K), 6 survivors (6144K)
 Metaspace       used 9881K, capacity 10192K, committed 10240K, reserved 1058816K
  class space    used 1170K, capacity 1260K, committed 1280K, reserved 1048576K
}
 [Times: user=0.00 sys=0.00, real=0.01 secs] 
2021-09-01T20:39:36.934+0000: 0.775: Total time for which application threads were stopped: 0.0078979 seconds, Stopping threads took: 0.0000329 seconds
2021-09-01T20:39:37.359+0000: 1.199: Application time: 0.4245738 seconds
2021-09-01T20:39:37.359+0000: 1.200: Total time for which application threads were stopped: 0.0003759 seconds, Stopping threads took: 0.0000709 seconds
2021-09-01T20:39:37.382+0000: 1.222: Application time: 0.0226047 seconds
2021-09-01T20:39:37.382+0000: 1.223: Total time for which application threads were stopped: 0.0002780 seconds, Stopping threads took: 0.0000687 seconds
2021-09-01T20:39:37.397+0000: 1.238: Application time: 0.0152642 seconds
2021-09-01T20:39:37.398+0000: 1.238: Total time for which application threads were stopped: 0.0002328 seconds, Stopping threads took: 0.0000348 seconds
2021-09-01T20:39:37.493+0000: 1.333: Application time: 0.0953793 seconds
2021-09-01T20:39:37.493+0000: 1.334: Total time for which application threads were stopped: 0.0002541 seconds, Stopping threads took: 0.0000353 seconds
Heap
 garbage-first heap   total 1048576K, used 50636K [0x00000000c0000000, 0x00000000c0102000, 0x0000000100000000)
  region size 1024K, 51 young (52224K), 6 survivors (6144K)
 Metaspace       used 17362K, capacity 17744K, committed 18176K, reserved 1064960K
  class space    used 2073K, capacity 2189K, committed 2304K, reserved 1048576K
2021-09-01T20:39:37.783+0000: 1.624: Application time: 0.2900287 seconds
